MPLINK 5.09, LINKER
Linker Map File - Created Wed Oct 22 17:33:56 2025

                                 Section Info
                  Section       Type    Address   Location Size(Bytes)
                ---------  ---------  ---------  ---------  ---------
                   .org_0       code   0x000000    program   0x000132
                   .cinit    romdata   0x000132    program   0x000002
.config_300001_BUILD/DEFAULT/DEBUG/LAB5_COUNT_P    romdata   0x300001    program   0x000001
.config_300003_BUILD/DEFAULT/DEBUG/LAB5_COUNT_P    romdata   0x300003    program   0x000001



                              Program Memory Usage 
                               Start         End      
                           ---------   ---------      
                            0x000000    0x000133      
                            0x300001    0x300001      
                            0x300003    0x300003      
            310 out of 33048 program addresses used, program memory utilization is 0%



                              Symbols - Sorted by Name
                     Name    Address   Location    Storage File                     
                ---------  ---------  ---------  --------- ---------                
               _1_divzero   0x00006a    program     static C:\Users\Seana\MPLABXProjects\mid_practice.X\prime_test.ASM
                  _1_done   0x0000b2    program     static C:\Users\Seana\MPLABXProjects\mid_practice.X\prime_test.ASM
                    _1_ge   0x000098    program     static C:\Users\Seana\MPLABXProjects\mid_practice.X\prime_test.ASM
                  _1_loop   0x000080    program     static C:\Users\Seana\MPLABXProjects\mid_practice.X\prime_test.ASM
                    _1_lt   0x0000a8    program     static C:\Users\Seana\MPLABXProjects\mid_practice.X\prime_test.ASM
                  _1_next   0x0000ac    program     static C:\Users\Seana\MPLABXProjects\mid_practice.X\prime_test.ASM
                    _1_ok   0x00007c    program     static C:\Users\Seana\MPLABXProjects\mid_practice.X\prime_test.ASM
                   _7_end   0x000108    program     static C:\Users\Seana\MPLABXProjects\mid_practice.X\lab5_count_primes.asm
                 _7_maybe   0x0000f0    program     static C:\Users\Seana\MPLABXProjects\mid_practice.X\lab5_count_primes.asm
                    _7_ne   0x000104    program     static C:\Users\Seana\MPLABXProjects\mid_practice.X\lab5_count_primes.asm
                 _chk_two   0x00001c    program     static C:\Users\Seana\MPLABXProjects\mid_practice.X\prime_test.ASM
                _even_chk   0x000030    program     static C:\Users\Seana\MPLABXProjects\mid_practice.X\prime_test.ASM
                  _finish   0x000130    program     static C:\Users\Seana\MPLABXProjects\mid_practice.X\lab5_count_primes.asm
                    _loop   0x00003c    program     static C:\Users\Seana\MPLABXProjects\mid_practice.X\prime_test.ASM
              _prime_done   0x0000c4    program     static C:\Users\Seana\MPLABXProjects\mid_practice.X\prime_test.ASM
                     _ret   0x0000c8    program     static C:\Users\Seana\MPLABXProjects\mid_practice.X\prime_test.ASM
                _test_div   0x000052    program     static C:\Users\Seana\MPLABXProjects\mid_practice.X\prime_test.ASM
                    begin   0x0000de    program     static C:\Users\Seana\MPLABXProjects\mid_practice.X\lab5_count_primes.asm
                     main   0x0000ca    program     static C:\Users\Seana\MPLABXProjects\mid_practice.X\lab5_count_primes.asm
               prime_test   0x000004    program     static C:\Users\Seana\MPLABXProjects\mid_practice.X\prime_test.ASM
                 skip_add   0x000124    program     static C:\Users\Seana\MPLABXProjects\mid_practice.X\lab5_count_primes.asm



                              Symbols - Sorted by Address
                     Name    Address   Location    Storage File                     
                ---------  ---------  ---------  --------- ---------                
               prime_test   0x000004    program     static C:\Users\Seana\MPLABXProjects\mid_practice.X\prime_test.ASM
                 _chk_two   0x00001c    program     static C:\Users\Seana\MPLABXProjects\mid_practice.X\prime_test.ASM
                _even_chk   0x000030    program     static C:\Users\Seana\MPLABXProjects\mid_practice.X\prime_test.ASM
                    _loop   0x00003c    program     static C:\Users\Seana\MPLABXProjects\mid_practice.X\prime_test.ASM
                _test_div   0x000052    program     static C:\Users\Seana\MPLABXProjects\mid_practice.X\prime_test.ASM
               _1_divzero   0x00006a    program     static C:\Users\Seana\MPLABXProjects\mid_practice.X\prime_test.ASM
                    _1_ok   0x00007c    program     static C:\Users\Seana\MPLABXProjects\mid_practice.X\prime_test.ASM
                  _1_loop   0x000080    program     static C:\Users\Seana\MPLABXProjects\mid_practice.X\prime_test.ASM
                    _1_ge   0x000098    program     static C:\Users\Seana\MPLABXProjects\mid_practice.X\prime_test.ASM
                    _1_lt   0x0000a8    program     static C:\Users\Seana\MPLABXProjects\mid_practice.X\prime_test.ASM
                  _1_next   0x0000ac    program     static C:\Users\Seana\MPLABXProjects\mid_practice.X\prime_test.ASM
                  _1_done   0x0000b2    program     static C:\Users\Seana\MPLABXProjects\mid_practice.X\prime_test.ASM
              _prime_done   0x0000c4    program     static C:\Users\Seana\MPLABXProjects\mid_practice.X\prime_test.ASM
                     _ret   0x0000c8    program     static C:\Users\Seana\MPLABXProjects\mid_practice.X\prime_test.ASM
                     main   0x0000ca    program     static C:\Users\Seana\MPLABXProjects\mid_practice.X\lab5_count_primes.asm
                    begin   0x0000de    program     static C:\Users\Seana\MPLABXProjects\mid_practice.X\lab5_count_primes.asm
                 _7_maybe   0x0000f0    program     static C:\Users\Seana\MPLABXProjects\mid_practice.X\lab5_count_primes.asm
                    _7_ne   0x000104    program     static C:\Users\Seana\MPLABXProjects\mid_practice.X\lab5_count_primes.asm
                   _7_end   0x000108    program     static C:\Users\Seana\MPLABXProjects\mid_practice.X\lab5_count_primes.asm
                 skip_add   0x000124    program     static C:\Users\Seana\MPLABXProjects\mid_practice.X\lab5_count_primes.asm
                  _finish   0x000130    program     static C:\Users\Seana\MPLABXProjects\mid_practice.X\lab5_count_primes.asm


