MPLINK 5.09, LINKER
Linker Map File - Created Wed Oct 22 17:43:22 2025

                                 Section Info
                  Section       Type    Address   Location Size(Bytes)
                ---------  ---------  ---------  ---------  ---------
                   .org_0       code   0x000000    program   0x000134
                   .cinit    romdata   0x000134    program   0x000002
.config_300001_BUILD/DEFAULT/DEBUG/LAB5_COUNT_P    romdata   0x300001    program   0x000001
.config_300003_BUILD/DEFAULT/DEBUG/LAB5_COUNT_P    romdata   0x300003    program   0x000001



                              Program Memory Usage 
                               Start         End      
                           ---------   ---------      
                            0x000000    0x000135      
                            0x300001    0x300001      
                            0x300003    0x300003      
            312 out of 33048 program addresses used, program memory utilization is 0%



                              Symbols - Sorted by Name
                     Name    Address   Location    Storage File                     
                ---------  ---------  ---------  --------- ---------                
               _1_divzero   0x00006c    program     static C:\Users\Seana\MPLABXProjects\mid_practice.X\prime_test.ASM
                  _1_done   0x0000b4    program     static C:\Users\Seana\MPLABXProjects\mid_practice.X\prime_test.ASM
                    _1_ge   0x00009a    program     static C:\Users\Seana\MPLABXProjects\mid_practice.X\prime_test.ASM
                  _1_loop   0x000082    program     static C:\Users\Seana\MPLABXProjects\mid_practice.X\prime_test.ASM
                    _1_lt   0x0000aa    program     static C:\Users\Seana\MPLABXProjects\mid_practice.X\prime_test.ASM
                  _1_next   0x0000ae    program     static C:\Users\Seana\MPLABXProjects\mid_practice.X\prime_test.ASM
                    _1_ok   0x00007e    program     static C:\Users\Seana\MPLABXProjects\mid_practice.X\prime_test.ASM
                   _7_end   0x00010a    program     static C:\Users\Seana\MPLABXProjects\mid_practice.X\lab5_count_primes.asm
                 _7_maybe   0x0000f2    program     static C:\Users\Seana\MPLABXProjects\mid_practice.X\lab5_count_primes.asm
                    _7_ne   0x000106    program     static C:\Users\Seana\MPLABXProjects\mid_practice.X\lab5_count_primes.asm
                 _chk_two   0x00001c    program     static C:\Users\Seana\MPLABXProjects\mid_practice.X\prime_test.ASM
                _even_chk   0x000030    program     static C:\Users\Seana\MPLABXProjects\mid_practice.X\prime_test.ASM
                  _finish   0x000132    program     static C:\Users\Seana\MPLABXProjects\mid_practice.X\lab5_count_primes.asm
                    _loop   0x00003c    program     static C:\Users\Seana\MPLABXProjects\mid_practice.X\prime_test.ASM
              _prime_done   0x0000c6    program     static C:\Users\Seana\MPLABXProjects\mid_practice.X\prime_test.ASM
                     _ret   0x0000ca    program     static C:\Users\Seana\MPLABXProjects\mid_practice.X\prime_test.ASM
                _test_div   0x000054    program     static C:\Users\Seana\MPLABXProjects\mid_practice.X\prime_test.ASM
                    begin   0x0000e0    program     static C:\Users\Seana\MPLABXProjects\mid_practice.X\lab5_count_primes.asm
                     main   0x0000cc    program     static C:\Users\Seana\MPLABXProjects\mid_practice.X\lab5_count_primes.asm
               prime_test   0x000004    program     static C:\Users\Seana\MPLABXProjects\mid_practice.X\prime_test.ASM
                 skip_add   0x000126    program     static C:\Users\Seana\MPLABXProjects\mid_practice.X\lab5_count_primes.asm



                              Symbols - Sorted by Address
                     Name    Address   Location    Storage File                     
                ---------  ---------  ---------  --------- ---------                
               prime_test   0x000004    program     static C:\Users\Seana\MPLABXProjects\mid_practice.X\prime_test.ASM
                 _chk_two   0x00001c    program     static C:\Users\Seana\MPLABXProjects\mid_practice.X\prime_test.ASM
                _even_chk   0x000030    program     static C:\Users\Seana\MPLABXProjects\mid_practice.X\prime_test.ASM
                    _loop   0x00003c    program     static C:\Users\Seana\MPLABXProjects\mid_practice.X\prime_test.ASM
                _test_div   0x000054    program     static C:\Users\Seana\MPLABXProjects\mid_practice.X\prime_test.ASM
               _1_divzero   0x00006c    program     static C:\Users\Seana\MPLABXProjects\mid_practice.X\prime_test.ASM
                    _1_ok   0x00007e    program     static C:\Users\Seana\MPLABXProjects\mid_practice.X\prime_test.ASM
                  _1_loop   0x000082    program     static C:\Users\Seana\MPLABXProjects\mid_practice.X\prime_test.ASM
                    _1_ge   0x00009a    program     static C:\Users\Seana\MPLABXProjects\mid_practice.X\prime_test.ASM
                    _1_lt   0x0000aa    program     static C:\Users\Seana\MPLABXProjects\mid_practice.X\prime_test.ASM
                  _1_next   0x0000ae    program     static C:\Users\Seana\MPLABXProjects\mid_practice.X\prime_test.ASM
                  _1_done   0x0000b4    program     static C:\Users\Seana\MPLABXProjects\mid_practice.X\prime_test.ASM
              _prime_done   0x0000c6    program     static C:\Users\Seana\MPLABXProjects\mid_practice.X\prime_test.ASM
                     _ret   0x0000ca    program     static C:\Users\Seana\MPLABXProjects\mid_practice.X\prime_test.ASM
                     main   0x0000cc    program     static C:\Users\Seana\MPLABXProjects\mid_practice.X\lab5_count_primes.asm
                    begin   0x0000e0    program     static C:\Users\Seana\MPLABXProjects\mid_practice.X\lab5_count_primes.asm
                 _7_maybe   0x0000f2    program     static C:\Users\Seana\MPLABXProjects\mid_practice.X\lab5_count_primes.asm
                    _7_ne   0x000106    program     static C:\Users\Seana\MPLABXProjects\mid_practice.X\lab5_count_primes.asm
                   _7_end   0x00010a    program     static C:\Users\Seana\MPLABXProjects\mid_practice.X\lab5_count_primes.asm
                 skip_add   0x000126    program     static C:\Users\Seana\MPLABXProjects\mid_practice.X\lab5_count_primes.asm
                  _finish   0x000132    program     static C:\Users\Seana\MPLABXProjects\mid_practice.X\lab5_count_primes.asm


